[s b. 06/06/2026 22:43:42,50] Instalando dependencias... 
Collecting Flask==3.0.0 (from -r requirements.txt (line 1))
  Using cached flask-3.0.0-py3-none-any.whl.metadata (3.6 kB)
Collecting Flask-CORS==4.0.0 (from -r requirements.txt (line 2))
  Using cached Flask_Cors-4.0.0-py2.py3-none-any.whl.metadata (5.4 kB)
Collecting python-dotenv==1.0.0 (from -r requirements.txt (line 3))
  Using cached python_dotenv-1.0.0-py3-none-any.whl.metadata (21 kB)
Collecting psycopg2-binary==2.9.9 (from -r requirements.txt (line 4))
  Using cached psycopg2-binary-2.9.9.tar.gz (384 kB)
  Installing build dependencies: started
  Installing build dependencies: finished with status 'done'
  Getting requirements to build wheel: started
  Getting requirements to build wheel: finished with status 'error'
  error: subprocess-exited-with-error
  
  Getting requirements to build wheel did not run successfully.
  exit code: 1
  
  [34 lines of output]
  C:\Users\Valentin\AppData\Local\Temp\pip-build-env-vt6mba3w\overlay\Lib\site-packages\setuptools\dist.py:765: SetuptoolsDeprecationWarning: License classifiers are deprecated.
  !!
  
          ********************************************************************************
          Please consider removing the following classifiers in favor of a SPDX license expression:
  
          License :: OSI Approved :: GNU Library or Lesser General Public License (LGPL)
  
          See https://packaging.python.org/en/latest/guides/writing-pyproject-toml/#license for details.
          ********************************************************************************
  
  !!
    self._finalize_license_expression()
  running egg_info
  writing psycopg2_binary.egg-info\PKG-INFO
  writing dependency_links to psycopg2_binary.egg-info\dependency_links.txt
  writing top-level names to psycopg2_binary.egg-info\top_level.txt
  
  Error: pg_config executable not found.
  
  pg_config is required to build psycopg2 from source.  Please add the directory
  containing pg_config to the $PATH or specify the full executable path with the
  option:
  
      python setup.py build_ext --pg-config /path/to/pg_config build ...
  
  or with the pg_config option in 'setup.cfg'.
  
  If you prefer to avoid building psycopg2 from source, please install the PyPI
  'psycopg2-binary' package instead.
  
  For further information please check the 'doc/src/install.rst' file (also at
  <https://www.psycopg.org/docs/install.html>).
  
  [end of output]
  
  note: This error originates from a subprocess, and is likely not a problem with pip.

[notice] A new release of pip is available: 26.1.1 -> 26.1.2
[notice] To update, run: python.exe -m pip install --upgrade pip
ERROR: Failed to build 'psycopg2-binary' when getting requirements to build wheel
[s b. 06/06/2026 22:43:49,02] ERROR en la instalacion de dependencias. 
